[dotenv@17.2.3] injecting env (11) from .env -- tip: ­ƒöÉ encrypt with Dotenvx: https://dotenvx.com
Ô£à Conectado ao banco de dados PostgreSQL
[
  {
    error: {
      stack: 'Error: N├úo foi poss├¡vel interpretar JSON retornado pela IA.\n' +
        '    at cleanAndParseJSON (C:\\repos\\Sphera_Brand\\backend\\src\\services\\calendarGenerator.ts:97:11)\n' +
        '    at generateCalendarForMonth (C:\\repos\\Sphera_Brand\\backend\\src\\services\\calendarGenerator.ts:417:24)\n' +
        '    at processTicksAndRejections (node:internal/process/task_queues:103:5)\n' +
        '    at async runJobLogic (C:\\repos\\Sphera_Brand\\backend\\src\\jobs\\calendarGenerationWorker.ts:204:24)\n' +
        '    at async processNextJob (C:\\repos\\Sphera_Brand\\backend\\src\\jobs\\calendarGenerationWorker.ts:87:13)\n' +
        '    at async Timeout.loop [as _onTimeout] (C:\\repos\\Sphera_Brand\\backend\\src\\jobs\\calendarGenerationWorker.ts:14:13)',
      message: 'N├úo foi poss├¡vel interpretar JSON retornado pela IA.'
    },
    created_at: 2026-03-01T19:02:34.615Z
  },
  {
    error: {
      error: 'INVALID_CALENDAR_OUTPUT',
      details: [
        "[Post #4] Campo 'instrucoes_visuais' ├® obrigat├│rio e n├úo pode ser vazio.",
        "[Post #10] Campo 'instrucoes_visuais' ├® obrigat├│rio e n├úo pode ser vazio."
      ],
      correlationId: '179eb585-ad1c-4006-a23a-763b68e9076b'
    },
    created_at: 2026-03-01T00:42:13.883Z
  },
  {
    error: {
      stack: 'error: column "status" of relation "calendarios" does not exist\n' +
        '    at C:\\repos\\Sphera_Brand\\backend\\node_modules\\pg-pool\\index.js:45:11\n' +
        '    at processTicksAndRejections (node:internal/process/task_queues:103:5)\n' +
        '    at async generateCalendarForMonth (C:\\repos\\Sphera_Brand\\backend\\src\\services\\calendarGenerator.ts:433:19)\n' +
        '    at async runJobLogic (C:\\repos\\Sphera_Brand\\backend\\src\\jobs\\calendarGenerationWorker.ts:204:24)\n' +
        '    at async processNextJob (C:\\repos\\Sphera_Brand\\backend\\src\\jobs\\calendarGenerationWorker.ts:87:13)\n' +
        '    at async Timeout.loop [as _onTimeout] (C:\\repos\\Sphera_Brand\\backend\\src\\jobs\\calendarGenerationWorker.ts:14:13)',
      message: 'column "status" of relation "calendarios" does not exist'
    },
    created_at: 2026-02-27T19:13:38.061Z
  }
]
